// Vitest Snapshot v1

exports[`UIコンポーネントのテスト > Viewのテスト > 回帰テスト > スナップショットテスト 1`] = `
<img
  src="/sample.jpg"
/>
`;
